========================================
时间: 2026-06-01 23:50:25
搜索类型: 按文件大小搜索
搜索条件: 大小范围: 0 B ~ 8589934592.0 GB
结果数量: 30
搜索结果:
  [文件] file0.txt (0 B) -> C:\Users\asus\Desktop\1\testDir0\subDir0\file0.txt
  [文件] file0.txt (0 B) -> C:\Users\asus\Desktop\1\testDir0\subDir1\file0.txt
  [文件] file0.txt (0 B) -> C:\Users\asus\Desktop\1\testDir0\subDir2\file0.txt
  [文件] file0.txt (0 B) -> C:\Users\asus\Desktop\1\testDir0\subDir3\file0.txt
  [文件] file0.txt (0 B) -> C:\Users\asus\Desktop\1\testDir0\subDir4\file0.txt
  [文件] file0.txt (0 B) -> C:\Users\asus\Desktop\1\testDir1\subDir0\file0.txt
  [文件] file0.txt (0 B) -> C:\Users\asus\Desktop\1\testDir1\subDir1\file0.txt
  [文件] file0.txt (0 B) -> C:\Users\asus\Desktop\1\testDir1\subDir2\file0.txt
  [文件] file0.txt (0 B) -> C:\Users\asus\Desktop\1\testDir1\subDir3\file0.txt
  [文件] file0.txt (0 B) -> C:\Users\asus\Desktop\1\testDir1\subDir4\file0.txt
  [文件] file0.txt (0 B) -> C:\Users\asus\Desktop\1\testDir2\subDir0\file0.txt
  [文件] file0.txt (0 B) -> C:\Users\asus\Desktop\1\testDir2\subDir1\file0.txt
  [文件] file0.txt (0 B) -> C:\Users\asus\Desktop\1\testDir2\subDir2\file0.txt
  [文件] file0.txt (0 B) -> C:\Users\asus\Desktop\1\testDir2\subDir3\file0.txt
  [文件] file0.txt (0 B) -> C:\Users\asus\Desktop\1\testDir2\subDir4\file0.txt
  [文件] file1.txt (0 B) -> C:\Users\asus\Desktop\1\testDir0\subDir0\file1.txt
  [文件] file1.txt (0 B) -> C:\Users\asus\Desktop\1\testDir0\subDir1\file1.txt
  [文件] file1.txt (0 B) -> C:\Users\asus\Desktop\1\testDir0\subDir2\file1.txt
  [文件] file1.txt (0 B) -> C:\Users\asus\Desktop\1\testDir0\subDir3\file1.txt
  [文件] file1.txt (0 B) -> C:\Users\asus\Desktop\1\testDir0\subDir4\file1.txt
  [文件] file1.txt (0 B) -> C:\Users\asus\Desktop\1\testDir1\subDir0\file1.txt
  [文件] file1.txt (0 B) -> C:\Users\asus\Desktop\1\testDir1\subDir1\file1.txt
  [文件] file1.txt (0 B) -> C:\Users\asus\Desktop\1\testDir1\subDir2\file1.txt
  [文件] file1.txt (0 B) -> C:\Users\asus\Desktop\1\testDir1\subDir3\file1.txt
  [文件] file1.txt (0 B) -> C:\Users\asus\Desktop\1\testDir1\subDir4\file1.txt
  [文件] file1.txt (0 B) -> C:\Users\asus\Desktop\1\testDir2\subDir0\file1.txt
  [文件] file1.txt (0 B) -> C:\Users\asus\Desktop\1\testDir2\subDir1\file1.txt
  [文件] file1.txt (0 B) -> C:\Users\asus\Desktop\1\testDir2\subDir2\file1.txt
  [文件] file1.txt (0 B) -> C:\Users\asus\Desktop\1\testDir2\subDir3\file1.txt
  [文件] file1.txt (0 B) -> C:\Users\asus\Desktop\1\testDir2\subDir4\file1.txt
========================================

